begin;
    -- Semicolons should be allowed in comments because they are common in prep stmts
    create extension index_advisor version '0.1.2' cascade;
NOTICE:  installing required extension "hypopg"
    create table public.book(
        id int,
        name text
    );
    select index_advisor($$
        -- some comment with a semicolon;
        select * from book where id = $1
    $$);
                                index_advisor                                 
------------------------------------------------------------------------------
 (0.00,4.07,25.88,13.54,"{""CREATE INDEX ON public.book USING btree (id)""}")
(1 row)

rollback;
